Performing C SOURCE FILE Test CMAKE_HAVE_LIBC_PTHREAD failed with the following output:
Change Dir: /home/wego/Desktop/drive/build/CMakeFiles/CMakeTmp

Run Build Command(s):/usr/bin/make -f Makefile cmTC_526ad/fast && /usr/bin/make  -f CMakeFiles/cmTC_526ad.dir/build.make CMakeFiles/cmTC_526ad.dir/build
make[1]: Entering directory '/home/wego/Desktop/drive/build/CMakeFiles/CMakeTmp'
Building C object CMakeFiles/cmTC_526ad.dir/src.c.o
/usr/bin/cc -DCMAKE_HAVE_LIBC_PTHREAD   -o CMakeFiles/cmTC_526ad.dir/src.c.o -c /home/wego/Desktop/drive/build/CMakeFiles/CMakeTmp/src.c
Linking C executable cmTC_526ad
/home/wego/.local/lib/python3.6/site-packages/cmake/data/bin/cmake -E cmake_link_script CMakeFiles/cmTC_526ad.dir/link.txt --verbose=1
/usr/bin/cc -rdynamic CMakeFiles/cmTC_526ad.dir/src.c.o -o cmTC_526ad 
CMakeFiles/cmTC_526ad.dir/src.c.o: In function `main':
src.c:(.text+0x48): undefined reference to `pthread_create'
src.c:(.text+0x50): undefined reference to `pthread_detach'
src.c:(.text+0x58): undefined reference to `pthread_cancel'
src.c:(.text+0x64): undefined reference to `pthread_join'
src.c:(.text+0x74): undefined reference to `pthread_atfork'
collect2: error: ld returned 1 exit status
CMakeFiles/cmTC_526ad.dir/build.make:98: recipe for target 'cmTC_526ad' failed
make[1]: *** [cmTC_526ad] Error 1
make[1]: Leaving directory '/home/wego/Desktop/drive/build/CMakeFiles/CMakeTmp'
Makefile:127: recipe for target 'cmTC_526ad/fast' failed
make: *** [cmTC_526ad/fast] Error 2


Source file was:
#include <pthread.h>

static void* test_func(void* data)
{
  return data;
}

int main(void)
{
  pthread_t thread;
  pthread_create(&thread, NULL, test_func, NULL);
  pthread_detach(thread);
  pthread_cancel(thread);
  pthread_join(thread, NULL);
  pthread_atfork(NULL, NULL, NULL);
  pthread_exit(NULL);

  return 0;
}

Determining if the function pthread_create exists in the pthreads failed with the following output:
Change Dir: /home/wego/Desktop/drive/build/CMakeFiles/CMakeTmp

Run Build Command(s):/usr/bin/make -f Makefile cmTC_de6ba/fast && /usr/bin/make  -f CMakeFiles/cmTC_de6ba.dir/build.make CMakeFiles/cmTC_de6ba.dir/build
make[1]: Entering directory '/home/wego/Desktop/drive/build/CMakeFiles/CMakeTmp'
Building C object CMakeFiles/cmTC_de6ba.dir/CheckFunctionExists.c.o
/usr/bin/cc   -DCHECK_FUNCTION_EXISTS=pthread_create -o CMakeFiles/cmTC_de6ba.dir/CheckFunctionExists.c.o -c /home/wego/.local/lib/python3.6/site-packages/cmake/data/share/cmake-3.22/Modules/CheckFunctionExists.c
Linking C executable cmTC_de6ba
/home/wego/.local/lib/python3.6/site-packages/cmake/data/bin/cmake -E cmake_link_script CMakeFiles/cmTC_de6ba.dir/link.txt --verbose=1
/usr/bin/cc  -DCHECK_FUNCTION_EXISTS=pthread_create -rdynamic CMakeFiles/cmTC_de6ba.dir/CheckFunctionExists.c.o -o cmTC_de6ba  -lpthreads 
/usr/bin/ld: cannot find -lpthreads
collect2: error: ld returned 1 exit status
CMakeFiles/cmTC_de6ba.dir/build.make:98: recipe for target 'cmTC_de6ba' failed
make[1]: *** [cmTC_de6ba] Error 1
make[1]: Leaving directory '/home/wego/Desktop/drive/build/CMakeFiles/CMakeTmp'
Makefile:127: recipe for target 'cmTC_de6ba/fast' failed
make: *** [cmTC_de6ba/fast] Error 2



